// Jest Snapshot v1, https://goo.gl/fbAQLP

exports[`withVideoControls is rendered correctly 1`] = `
<div>
  <video
    className="player__video"
    poster="img/the-grand-budapest-hotel-poster.jpg"
  >
    Your browser doesn\`t support embedded video
  </video>
</div>
`;
