// Jest Snapshot v1, https://goo.gl/fbAQLP

exports[`withReview is rendered correctly 1`] = `<div />`;
