// Jest Snapshot v1, https://goo.gl/fbAQLP

exports[`Should MoviesList render correctly 1`] = `
<div
  className="catalog__movies-list"
>
  <article
    className="small-movie-card catalog__movies-card"
    onMouseEnter={[Function]}
    onMouseLeave={[Function]}
  >
    <a
      href="/films/2"
      onClick={[Function]}
    >
      <div
        className="small-movie-card__image"
      >
        <video
          className="player__video"
        />
        <img
          alt="Fantastic Beasts: The Crimes of Grindelwald"
          height="175"
          src="img/fantastic-beasts-the-crimes-of-grindelwald.jpg"
          width="280"
        />
      </div>
    </a>
    <h3
      className="small-movie-card__title"
    >
      <a
        className="small-movie-card__link"
        href="/films/2"
        onClick={[Function]}
      >
        Fantastic Beasts: The Crimes of Grindelwald
      </a>
    </h3>
  </article>
  <article
    className="small-movie-card catalog__movies-card"
    onMouseEnter={[Function]}
    onMouseLeave={[Function]}
  >
    <a
      href="/films/3"
      onClick={[Function]}
    >
      <div
        className="small-movie-card__image"
      >
        <video
          className="player__video"
        />
        <img
          alt="Shutter Island"
          height="175"
          src="img/shutter-island.jpg"
          width="280"
        />
      </div>
    </a>
    <h3
      className="small-movie-card__title"
    >
      <a
        className="small-movie-card__link"
        href="/films/3"
        onClick={[Function]}
      >
        Shutter Island
      </a>
    </h3>
  </article>
  <article
    className="small-movie-card catalog__movies-card"
    onMouseEnter={[Function]}
    onMouseLeave={[Function]}
  >
    <a
      href="/films/4"
      onClick={[Function]}
    >
      <div
        className="small-movie-card__image"
      >
        <video
          className="player__video"
        />
        <img
          alt="Macbeth"
          height="175"
          src="img/macbeth.jpg"
          width="280"
        />
      </div>
    </a>
    <h3
      className="small-movie-card__title"
    >
      <a
        className="small-movie-card__link"
        href="/films/4"
        onClick={[Function]}
      >
        Macbeth
      </a>
    </h3>
  </article>
  <article
    className="small-movie-card catalog__movies-card"
    onMouseEnter={[Function]}
    onMouseLeave={[Function]}
  >
    <a
      href="/films/5"
      onClick={[Function]}
    >
      <div
        className="small-movie-card__image"
      >
        <video
          className="player__video"
        />
        <img
          alt="Aviator"
          height="175"
          src="img/aviator.jpg"
          width="280"
        />
      </div>
    </a>
    <h3
      className="small-movie-card__title"
    >
      <a
        className="small-movie-card__link"
        href="/films/5"
        onClick={[Function]}
      >
        Aviator
      </a>
    </h3>
  </article>
  <article
    className="small-movie-card catalog__movies-card"
    onMouseEnter={[Function]}
    onMouseLeave={[Function]}
  >
    <a
      href="/films/6"
      onClick={[Function]}
    >
      <div
        className="small-movie-card__image"
      >
        <video
          className="player__video"
        />
        <img
          alt="We need to talk about Kevin"
          height="175"
          src="img/we-need-to-talk-about-kevin.jpg"
          width="280"
        />
      </div>
    </a>
    <h3
      className="small-movie-card__title"
    >
      <a
        className="small-movie-card__link"
        href="/films/6"
        onClick={[Function]}
      >
        We need to talk about Kevin
      </a>
    </h3>
  </article>
  <article
    className="small-movie-card catalog__movies-card"
    onMouseEnter={[Function]}
    onMouseLeave={[Function]}
  >
    <a
      href="/films/7"
      onClick={[Function]}
    >
      <div
        className="small-movie-card__image"
      >
        <video
          className="player__video"
        />
        <img
          alt="What We Do in the Shadows"
          height="175"
          src="img/what-we-do-in-the-shadows.jpg"
          width="280"
        />
      </div>
    </a>
    <h3
      className="small-movie-card__title"
    >
      <a
        className="small-movie-card__link"
        href="/films/7"
        onClick={[Function]}
      >
        What We Do in the Shadows
      </a>
    </h3>
  </article>
  <article
    className="small-movie-card catalog__movies-card"
    onMouseEnter={[Function]}
    onMouseLeave={[Function]}
  >
    <a
      href="/films/8"
      onClick={[Function]}
    >
      <div
        className="small-movie-card__image"
      >
        <video
          className="player__video"
        />
        <img
          alt="Revenant"
          height="175"
          src="img/revenant.jpg"
          width="280"
        />
      </div>
    </a>
    <h3
      className="small-movie-card__title"
    >
      <a
        className="small-movie-card__link"
        href="/films/8"
        onClick={[Function]}
      >
        Revenant
      </a>
    </h3>
  </article>
  <article
    className="small-movie-card catalog__movies-card"
    onMouseEnter={[Function]}
    onMouseLeave={[Function]}
  >
    <a
      href="/films/9"
      onClick={[Function]}
    >
      <div
        className="small-movie-card__image"
      >
        <video
          className="player__video"
        />
        <img
          alt="Johnny English"
          height="175"
          src="img/johnny-english.jpg"
          width="280"
        />
      </div>
    </a>
    <h3
      className="small-movie-card__title"
    >
      <a
        className="small-movie-card__link"
        href="/films/9"
        onClick={[Function]}
      >
        Johnny English
      </a>
    </h3>
  </article>
  <article
    className="small-movie-card catalog__movies-card"
    onMouseEnter={[Function]}
    onMouseLeave={[Function]}
  >
    <a
      href="/films/10"
      onClick={[Function]}
    >
      <div
        className="small-movie-card__image"
      >
        <video
          className="player__video"
        />
        <img
          alt="Pulp Fiction"
          height="175"
          src="img/pulp-fiction.jpg"
          width="280"
        />
      </div>
    </a>
    <h3
      className="small-movie-card__title"
    >
      <a
        className="small-movie-card__link"
        href="/films/10"
        onClick={[Function]}
      >
        Pulp Fiction
      </a>
    </h3>
  </article>
  <article
    className="small-movie-card catalog__movies-card"
    onMouseEnter={[Function]}
    onMouseLeave={[Function]}
  >
    <a
      href="/films/11"
      onClick={[Function]}
    >
      <div
        className="small-movie-card__image"
      >
        <video
          className="player__video"
        />
        <img
          alt="No Country for Old Men"
          height="175"
          src="img/no-country-for-old-men.jpg"
          width="280"
        />
      </div>
    </a>
    <h3
      className="small-movie-card__title"
    >
      <a
        className="small-movie-card__link"
        href="/films/11"
        onClick={[Function]}
      >
        No Country for Old Men
      </a>
    </h3>
  </article>
  <article
    className="small-movie-card catalog__movies-card"
    onMouseEnter={[Function]}
    onMouseLeave={[Function]}
  >
    <a
      href="/films/12"
      onClick={[Function]}
    >
      <div
        className="small-movie-card__image"
      >
        <video
          className="player__video"
        />
        <img
          alt="Snatch"
          height="175"
          src="img/snatch.jpg"
          width="280"
        />
      </div>
    </a>
    <h3
      className="small-movie-card__title"
    >
      <a
        className="small-movie-card__link"
        href="/films/12"
        onClick={[Function]}
      >
        Snatch
      </a>
    </h3>
  </article>
  <article
    className="small-movie-card catalog__movies-card"
    onMouseEnter={[Function]}
    onMouseLeave={[Function]}
  >
    <a
      href="/films/13"
      onClick={[Function]}
    >
      <div
        className="small-movie-card__image"
      >
        <video
          className="player__video"
        />
        <img
          alt="Bohemian Rhapsody"
          height="175"
          src="img/bohemian-rhapsody.jpg"
          width="280"
        />
      </div>
    </a>
    <h3
      className="small-movie-card__title"
    >
      <a
        className="small-movie-card__link"
        href="/films/13"
        onClick={[Function]}
      >
        Bohemian Rhapsody
      </a>
    </h3>
  </article>
</div>
`;
