// Jest Snapshot v1, https://goo.gl/fbAQLP

exports[`withChosenMovie is rendered correctly 1`] = `<div />`;
