// Jest Snapshot v1, https://goo.gl/fbAQLP

exports[`withShownFilms is rendered correctly 1`] = `<div />`;
